Requirement already satisfied: lgatr==1.4.4 in /global/homes/t/tapur/.local/perlmutter/python-3.13/26.8.1/lib/python3.13/site-packages (1.4.4)
Requirement already satisfied: uproot in /global/homes/t/tapur/.local/perlmutter/python-3.13/26.8.1/lib/python3.13/site-packages (5.7.6)
Requirement already satisfied: awkward in /global/homes/t/tapur/.local/perlmutter/python-3.13/26.8.1/lib/python3.13/site-packages (2.14.0)
Requirement already satisfied: tqdm in /global/common/software/nersc/pe/conda-envs/26.8.1/python-3.13/nersc-python/lib/python3.13/site-packages (4.70.0)
Requirement already satisfied: vector in /global/homes/t/tapur/.local/perlmutter/python-3.13/26.8.1/lib/python3.13/site-packages (1.8.1)
Requirement already satisfied: torch>=2.1 in /global/homes/t/tapur/.local/perlmutter/python-3.13/26.8.1/lib/python3.13/site-packages (from lgatr==1.4.4) (2.14.0)
Requirement already satisfied: numpy in /global/common/software/nersc/pe/conda-envs/26.8.1/python-3.13/nersc-python/lib/python3.13/site-packages (from lgatr==1.4.4) (2.5.2)
Requirement already satisfied: einops in /global/homes/t/tapur/.local/perlmutter/python-3.13/26.8.1/lib/python3.13/site-packages (from lgatr==1.4.4) (0.8.2)
Requirement already satisfied: opt_einsum in /global/homes/t/tapur/.local/perlmutter/python-3.13/26.8.1/lib/python3.13/site-packages (from lgatr==1.4.4) (3.4.0)
Requirement already satisfied: cramjam>=2.5.0 in /global/homes/t/tapur/.local/perlmutter/python-3.13/26.8.1/lib/python3.13/site-packages (from uproot) (2.12.1)
Requirement already satisfied: fsspec!=2026.2.0 in /global/common/software/nersc/pe/conda-envs/26.8.1/python-3.13/nersc-python/lib/python3.13/site-packages (from uproot) (2026.6.0)
Requirement already satisfied: packaging in /global/common/software/nersc/pe/conda-envs/26.8.1/python-3.13/nersc-python/lib/python3.13/site-packages (from uproot) (26.3)
Requirement already satisfied: xxhash in /global/homes/t/tapur/.local/perlmutter/python-3.13/26.8.1/lib/python3.13/site-packages (from uproot) (4.0.1)
Requirement already satisfied: awkward-cpp==57 in /global/homes/t/tapur/.local/perlmutter/python-3.13/26.8.1/lib/python3.13/site-packages (from awkward) (57)
Requirement already satisfied: filelock in /global/homes/t/tapur/.local/perlmutter/python-3.13/26.8.1/lib/python3.13/site-packages (from torch>=2.1->lgatr==1.4.4) (4.0.0)
Requirement already satisfied: typing-extensions>=4.10.0 in /global/common/software/nersc/pe/conda-envs/26.8.1/python-3.13/nersc-python/lib/python3.13/site-packages (from torch>=2.1->lgatr==1.4.4) (4.16.0)
Requirement already satisfied: setuptools>=77.0.3 in /global/homes/t/tapur/.local/perlmutter/python-3.13/26.8.1/lib/python3.13/site-packages (from torch>=2.1->lgatr==1.4.4) (84.0.0)
Requirement already satisfied: sympy>=1.13.3 in /global/common/software/nersc/pe/conda-envs/26.8.1/python-3.13/nersc-python/lib/python3.13/site-packages (from torch>=2.1->lgatr==1.4.4) (1.14.0)
Requirement already satisfied: networkx>=2.5.1 in /global/common/software/nersc/pe/conda-envs/26.8.1/python-3.13/nersc-python/lib/python3.13/site-packages (from torch>=2.1->lgatr==1.4.4) (3.6.1)
Requirement already satisfied: jinja2 in /global/common/software/nersc/pe/conda-envs/26.8.1/python-3.13/nersc-python/lib/python3.13/site-packages (from torch>=2.1->lgatr==1.4.4) (3.1.6)
Requirement already satisfied: cuda-toolkit==13.0.3 in /global/homes/t/tapur/.local/perlmutter/python-3.13/26.8.1/lib/python3.13/site-packages (from cuda-toolkit[cublas,cudart,cufft,cufile,cupti,curand,cusolver,cusparse,nvjitlink,nvrtc,nvtx]==13.0.3; platform_system == "Linux"->torch>=2.1->lgatr==1.4.4) (13.0.3.0)
Requirement already satisfied: cuda-bindings<14,>=13.0.3 in /global/common/software/nersc/pe/conda-envs/26.8.1/python-3.13/nersc-python/lib/python3.13/site-packages (from torch>=2.1->lgatr==1.4.4) (13.3.1)
Requirement already satisfied: nvidia-cudnn-cu13==9.24.0.43 in /global/homes/t/tapur/.local/perlmutter/python-3.13/26.8.1/lib/python3.13/site-packages (from torch>=2.1->lgatr==1.4.4) (9.24.0.43)
Requirement already satisfied: nvidia-cusparselt-cu13==0.8.1 in /global/homes/t/tapur/.local/perlmutter/python-3.13/26.8.1/lib/python3.13/site-packages (from torch>=2.1->lgatr==1.4.4) (0.8.1)
Requirement already satisfied: nvidia-nccl-cu13==2.30.7 in /global/homes/t/tapur/.local/perlmutter/python-3.13/26.8.1/lib/python3.13/site-packages (from torch>=2.1->lgatr==1.4.4) (2.30.7)
Requirement already satisfied: nvidia-nvshmem-cu13==3.4.5 in /global/homes/t/tapur/.local/perlmutter/python-3.13/26.8.1/lib/python3.13/site-packages (from torch>=2.1->lgatr==1.4.4) (3.4.5)
Requirement already satisfied: triton~=3.8.0 in /global/homes/t/tapur/.local/perlmutter/python-3.13/26.8.1/lib/python3.13/site-packages (from torch>=2.1->lgatr==1.4.4) (3.8.0)
Requirement already satisfied: nvidia-cublas==13.1.1.3.* in /global/homes/t/tapur/.local/perlmutter/python-3.13/26.8.1/lib/python3.13/site-packages (from cuda-toolkit[cublas,cudart,cufft,cufile,cupti,curand,cusolver,cusparse,nvjitlink,nvrtc,nvtx]==13.0.3; platform_system == "Linux"->torch>=2.1->lgatr==1.4.4) (13.1.1.3)
Requirement already satisfied: nvidia-cuda-nvrtc==13.0.88.* in /global/homes/t/tapur/.local/perlmutter/python-3.13/26.8.1/lib/python3.13/site-packages (from cuda-toolkit[cublas,cudart,cufft,cufile,cupti,curand,cusolver,cusparse,nvjitlink,nvrtc,nvtx]==13.0.3; platform_system == "Linux"->torch>=2.1->lgatr==1.4.4) (13.0.88)
Requirement already satisfied: nvidia-cuda-runtime==13.0.96.* in /global/homes/t/tapur/.local/perlmutter/python-3.13/26.8.1/lib/python3.13/site-packages (from cuda-toolkit[cublas,cudart,cufft,cufile,cupti,curand,cusolver,cusparse,nvjitlink,nvrtc,nvtx]==13.0.3; platform_system == "Linux"->torch>=2.1->lgatr==1.4.4) (13.0.96)
Requirement already satisfied: nvidia-cufft==12.0.0.61.* in /global/homes/t/tapur/.local/perlmutter/python-3.13/26.8.1/lib/python3.13/site-packages (from cuda-toolkit[cublas,cudart,cufft,cufile,cupti,curand,cusolver,cusparse,nvjitlink,nvrtc,nvtx]==13.0.3; platform_system == "Linux"->torch>=2.1->lgatr==1.4.4) (12.0.0.61)
Requirement already satisfied: nvidia-nvjitlink<14,>=13.0.88 in /global/homes/t/tapur/.local/perlmutter/python-3.13/26.8.1/lib/python3.13/site-packages (from cuda-toolkit[cublas,cudart,cufft,cufile,cupti,curand,cusolver,cusparse,nvjitlink,nvrtc,nvtx]==13.0.3; platform_system == "Linux"->torch>=2.1->lgatr==1.4.4) (13.4.92)
Requirement already satisfied: nvidia-cufile==1.15.1.6.* in /global/homes/t/tapur/.local/perlmutter/python-3.13/26.8.1/lib/python3.13/site-packages (from cuda-toolkit[cublas,cudart,cufft,cufile,cupti,curand,cusolver,cusparse,nvjitlink,nvrtc,nvtx]==13.0.3; platform_system == "Linux"->torch>=2.1->lgatr==1.4.4) (1.15.1.6)
Requirement already satisfied: nvidia-cuda-cupti==13.0.85.* in /global/homes/t/tapur/.local/perlmutter/python-3.13/26.8.1/lib/python3.13/site-packages (from cuda-toolkit[cublas,cudart,cufft,cufile,cupti,curand,cusolver,cusparse,nvjitlink,nvrtc,nvtx]==13.0.3; platform_system == "Linux"->torch>=2.1->lgatr==1.4.4) (13.0.85)
Requirement already satisfied: nvidia-curand==10.4.0.35.* in /global/homes/t/tapur/.local/perlmutter/python-3.13/26.8.1/lib/python3.13/site-packages (from cuda-toolkit[cublas,cudart,cufft,cufile,cupti,curand,cusolver,cusparse,nvjitlink,nvrtc,nvtx]==13.0.3; platform_system == "Linux"->torch>=2.1->lgatr==1.4.4) (10.4.0.35)
Requirement already satisfied: nvidia-cusolver==12.0.4.66.* in /global/homes/t/tapur/.local/perlmutter/python-3.13/26.8.1/lib/python3.13/site-packages (from cuda-toolkit[cublas,cudart,cufft,cufile,cupti,curand,cusolver,cusparse,nvjitlink,nvrtc,nvtx]==13.0.3; platform_system == "Linux"->torch>=2.1->lgatr==1.4.4) (12.0.4.66)
Requirement already satisfied: nvidia-cusparse==12.6.3.3.* in /global/homes/t/tapur/.local/perlmutter/python-3.13/26.8.1/lib/python3.13/site-packages (from cuda-toolkit[cublas,cudart,cufft,cufile,cupti,curand,cusolver,cusparse,nvjitlink,nvrtc,nvtx]==13.0.3; platform_system == "Linux"->torch>=2.1->lgatr==1.4.4) (12.6.3.3)
Requirement already satisfied: nvidia-nvtx==13.0.85.* in /global/homes/t/tapur/.local/perlmutter/python-3.13/26.8.1/lib/python3.13/site-packages (from cuda-toolkit[cublas,cudart,cufft,cufile,cupti,curand,cusolver,cusparse,nvjitlink,nvrtc,nvtx]==13.0.3; platform_system == "Linux"->torch>=2.1->lgatr==1.4.4) (13.0.85)
Requirement already satisfied: cuda-pathfinder>=1.4.2 in /global/common/software/nersc/pe/conda-envs/26.8.1/python-3.13/nersc-python/lib/python3.13/site-packages (from cuda-bindings<14,>=13.0.3->torch>=2.1->lgatr==1.4.4) (1.8.0)
Requirement already satisfied: mpmath<1.5,>=1.1.0 in /global/common/software/nersc/pe/conda-envs/26.8.1/python-3.13/nersc-python/lib/python3.13/site-packages (from sympy>=1.13.3->torch>=2.1->lgatr==1.4.4) (1.4.1)
Requirement already satisfied: MarkupSafe>=2.0 in /global/common/software/nersc/pe/conda-envs/26.8.1/python-3.13/nersc-python/lib/python3.13/site-packages (from jinja2->torch>=2.1->lgatr==1.4.4) (3.0.3)
torch 2.14.0+cu130 | cuda True | lgatr 1.4.4
Node list: nid002108
Sat Sep 19 08:15:19 2026       
+-----------------------------------------------------------------------------------------+
| NVIDIA-SMI 580.178.04             Driver Version: 580.178.04     CUDA Version: 13.2     |
+-----------------------------------------+------------------------+----------------------+
| GPU  Name                 Persistence-M | Bus-Id          Disp.A | Volatile Uncorr. ECC |
| Fan  Temp   Perf          Pwr:Usage/Cap |           Memory-Usage | GPU-Util  Compute M. |
|                                         |                        |               MIG M. |
|=========================================+========================+======================|
|   0  NVIDIA A100-SXM4-40GB          On  |   00000000:82:00.0 Off |                    0 |
| N/A   35C    P0             62W /  400W |       0MiB /  40960MiB |      0%      Default |
|                                         |                        |             Disabled |
+-----------------------------------------+------------------------+----------------------+

+-----------------------------------------------------------------------------------------+
| Processes:                                                                              |
|  GPU   GI   CI              PID   Type   Process name                        GPU Memory |
|        ID   ID                                                               Usage      |
|=========================================================================================|
|  No running processes found                                                             |
+-----------------------------------------------------------------------------------------+
pt_mean: 92.70594787597656, pt_std: 105.79940032958984
eta_mean: -0.0011634617112576962, eta_std: 0.9182537198066711
phi_mean: -0.0006678675417788327, phi_std: 1.8138455152511597
E_mean: 133.98565673828125, E_std: 167.72598266601562
shared pT/E scale: 133.98565673828125
========================================================================
[__init__] MASS-GATE NORMALISATION REGISTERED
========================================================================
  normalize flags        : [True, False, False, True]
  shared pT/E scale s    : 133.985657   (one constant for BOTH, keeps p a 4-vector)
  feature             mean           std       scale     shift
  pT             92.705948    105.799400    133.9857    0.0000
  eta            -0.001163      0.918254      1.0000    0.0000
  phi            -0.000668      1.813846      1.0000    0.0000
  energy        133.985657    167.725983    133.9857    0.0000

  round-trip check on a 100.00 GeV, eta=0.4 constituent:
                                  pT [GeV]     E [GeV]
    truth                           100.00      108.11
    x*scale + shift                 100.00      108.11
    normalised m^2 (must be >= 0)          : -2.220446e-16
  OK: denormalize inverts the dataset transform and the signature holds.
========================================================================
[processor] _get_interaction input : NORMALIZED by the shared pT/E scale
[processor] U[...,3] = ln(m_ij^2)  : 0.0% of valid pairs clamped to ln(1e-8)=-18.42
[processor] U[...,3] spread        : std 2.0954 over 196798 valid pairs
[processor] -> pairwise mass channel is live (m_ij^2 > 0, sign preserved).
[processor] the GLOBAL mass gate uses x_raw (GeV) instead.
------------------------------------------------------------------------
[forward 1/2] INVARIANT-MASS GATE  (units: GeV)
  x_raw supplied to processor : True
  constituent pT   med/max    :     6.07 /   619.30
  constituent E    med/max    :     8.31 /  1257.97
  jet mass  q25/med/q75       :    83.97 /   107.72 /   125.68
  jet mass  min/max           :    23.36 /   272.63
  fraction clamped at m^2<=0  :   0.0000
  VERDICT: masses are physical. m_W=80.4  m_Z=91.2  m_H=125.3  m_t=172.5 GeV
------------------------------------------------------------------------
------------------------------------------------------------------------
[forward 2/2] INVARIANT-MASS GATE  (units: GeV)
  x_raw supplied to processor : True
  constituent pT   med/max    :     6.08 /   505.30
  constituent E    med/max    :     8.22 /   632.74
  jet mass  q25/med/q75       :    80.59 /   108.42 /   130.92
  jet mass  min/max           :    23.22 /   347.23
  fraction clamped at m^2<=0  :   0.0000
  VERDICT: masses are physical. m_W=80.4  m_Z=91.2  m_H=125.3  m_t=172.5 GeV
------------------------------------------------------------------------
step: 1000/125000 | pT_loss: 0.4526 | eta_loss: 0.4354 | phi_loss: 0.3405 | energy_loss: 0.5320 | total_train_loss: 0.4401
step: 2000/125000 | pT_loss: 0.3257 | eta_loss: 0.3350 | phi_loss: 0.2115 | energy_loss: 0.4080 | total_train_loss: 0.3201
step: 3000/125000 | pT_loss: 0.2686 | eta_loss: 0.2902 | phi_loss: 0.1583 | energy_loss: 0.3513 | total_train_loss: 0.2671
step: 4000/125000 | pT_loss: 0.2368 | eta_loss: 0.2646 | phi_loss: 0.1312 | energy_loss: 0.3177 | total_train_loss: 0.2376
step: 5000/125000 | pT_loss: 0.2154 | eta_loss: 0.2477 | phi_loss: 0.1145 | energy_loss: 0.2934 | total_train_loss: 0.2177
step: 6000/125000 | pT_loss: 0.2006 | eta_loss: 0.2362 | phi_loss: 0.1041 | energy_loss: 0.2767 | total_train_loss: 0.2044
epoch: 1/20 | pT_loss: 0.1135 | eta_loss: 0.1711 | phi_loss: 0.0937 | energy_loss: 0.1920 | total_val_loss: 0.1426
step: 7000/125000 | pT_loss: 0.1258 | eta_loss: 0.1735 | phi_loss: 0.0408 | energy_loss: 0.1846 | total_train_loss: 0.1312
step: 8000/125000 | pT_loss: 0.1228 | eta_loss: 0.1736 | phi_loss: 0.0476 | energy_loss: 0.1847 | total_train_loss: 0.1322
step: 9000/125000 | pT_loss: 0.1219 | eta_loss: 0.1731 | phi_loss: 0.0474 | energy_loss: 0.1831 | total_train_loss: 0.1314
step: 10000/125000 | pT_loss: 0.1198 | eta_loss: 0.1717 | phi_loss: 0.0450 | energy_loss: 0.1811 | total_train_loss: 0.1294
step: 11000/125000 | pT_loss: 0.1179 | eta_loss: 0.1713 | phi_loss: 0.0449 | energy_loss: 0.1781 | total_train_loss: 0.1281
step: 12000/125000 | pT_loss: 0.1163 | eta_loss: 0.1705 | phi_loss: 0.0438 | energy_loss: 0.1756 | total_train_loss: 0.1266
epoch: 2/20 | pT_loss: 0.1093 | eta_loss: 0.1666 | phi_loss: 0.0688 | energy_loss: 0.1843 | total_val_loss: 0.1322
step: 13000/125000 | pT_loss: 0.1086 | eta_loss: 0.1679 | phi_loss: 0.0475 | energy_loss: 0.1653 | total_train_loss: 0.1223
step: 14000/125000 | pT_loss: 0.1080 | eta_loss: 0.1671 | phi_loss: 0.0459 | energy_loss: 0.1625 | total_train_loss: 0.1209
step: 15000/125000 | pT_loss: 0.1084 | eta_loss: 0.1667 | phi_loss: 0.0428 | energy_loss: 0.1632 | total_train_loss: 0.1203
step: 16000/125000 | pT_loss: 0.1073 | eta_loss: 0.1663 | phi_loss: 0.0425 | energy_loss: 0.1620 | total_train_loss: 0.1195
step: 17000/125000 | pT_loss: 0.1066 | eta_loss: 0.1661 | phi_loss: 0.0426 | energy_loss: 0.1612 | total_train_loss: 0.1191
step: 18000/125000 | pT_loss: 0.1061 | eta_loss: 0.1659 | phi_loss: 0.0442 | energy_loss: 0.1609 | total_train_loss: 0.1193
epoch: 3/20 | pT_loss: 0.1065 | eta_loss: 0.1574 | phi_loss: 0.0388 | energy_loss: 0.1574 | total_val_loss: 0.1150
step: 19000/125000 | pT_loss: 0.1049 | eta_loss: 0.1603 | phi_loss: 0.0371 | energy_loss: 0.1609 | total_train_loss: 0.1158
step: 20000/125000 | pT_loss: 0.1002 | eta_loss: 0.1616 | phi_loss: 0.0385 | energy_loss: 0.1520 | total_train_loss: 0.1131
step: 21000/125000 | pT_loss: 0.1000 | eta_loss: 0.1615 | phi_loss: 0.0394 | energy_loss: 0.1522 | total_train_loss: 0.1133
step: 22000/125000 | pT_loss: 0.0996 | eta_loss: 0.1607 | phi_loss: 0.0390 | energy_loss: 0.1514 | total_train_loss: 0.1127
step: 23000/125000 | pT_loss: 0.0989 | eta_loss: 0.1603 | phi_loss: 0.0389 | energy_loss: 0.1500 | total_train_loss: 0.1120
step: 24000/125000 | pT_loss: 0.0987 | eta_loss: 0.1599 | phi_loss: 0.0378 | energy_loss: 0.1503 | total_train_loss: 0.1117
step: 25000/125000 | pT_loss: 0.0981 | eta_loss: 0.1595 | phi_loss: 0.0370 | energy_loss: 0.1497 | total_train_loss: 0.1111
epoch: 4/20 | pT_loss: 0.1076 | eta_loss: 0.1580 | phi_loss: 0.0344 | energy_loss: 0.1684 | total_val_loss: 0.1171
step: 26000/125000 | pT_loss: 0.0953 | eta_loss: 0.1558 | phi_loss: 0.0315 | energy_loss: 0.1450 | total_train_loss: 0.1069
step: 27000/125000 | pT_loss: 0.0948 | eta_loss: 0.1560 | phi_loss: 0.0311 | energy_loss: 0.1455 | total_train_loss: 0.1069
step: 28000/125000 | pT_loss: 0.0944 | eta_loss: 0.1559 | phi_loss: 0.0329 | energy_loss: 0.1449 | total_train_loss: 0.1070
step: 29000/125000 | pT_loss: 0.0941 | eta_loss: 0.1559 | phi_loss: 0.0327 | energy_loss: 0.1447 | total_train_loss: 0.1069
step: 30000/125000 | pT_loss: 0.0939 | eta_loss: 0.1559 | phi_loss: 0.0334 | energy_loss: 0.1446 | total_train_loss: 0.1070
step: 31000/125000 | pT_loss: 0.0938 | eta_loss: 0.1559 | phi_loss: 0.0338 | energy_loss: 0.1444 | total_train_loss: 0.1070
epoch: 5/20 | pT_loss: 0.0858 | eta_loss: 0.1557 | phi_loss: 0.0398 | energy_loss: 0.1364 | total_val_loss: 0.1044
step: 32000/125000 | pT_loss: 0.0919 | eta_loss: 0.1556 | phi_loss: 0.0311 | energy_loss: 0.1404 | total_train_loss: 0.1048
step: 33000/125000 | pT_loss: 0.0921 | eta_loss: 0.1557 | phi_loss: 0.0345 | energy_loss: 0.1409 | total_train_loss: 0.1058
step: 34000/125000 | pT_loss: 0.0916 | eta_loss: 0.1557 | phi_loss: 0.0342 | energy_loss: 0.1410 | total_train_loss: 0.1056
step: 35000/125000 | pT_loss: 0.0909 | eta_loss: 0.1550 | phi_loss: 0.0338 | energy_loss: 0.1406 | total_train_loss: 0.1051
step: 36000/125000 | pT_loss: 0.0905 | eta_loss: 0.1547 | phi_loss: 0.0342 | energy_loss: 0.1397 | total_train_loss: 0.1048
step: 37000/125000 | pT_loss: 0.0904 | eta_loss: 0.1545 | phi_loss: 0.0344 | energy_loss: 0.1394 | total_train_loss: 0.1047
epoch: 6/20 | pT_loss: 0.0843 | eta_loss: 0.1502 | phi_loss: 0.0434 | energy_loss: 0.1338 | total_val_loss: 0.1029
step: 38000/125000 | pT_loss: 0.0864 | eta_loss: 0.1534 | phi_loss: 0.0369 | energy_loss: 0.1347 | total_train_loss: 0.1029
step: 39000/125000 | pT_loss: 0.0895 | eta_loss: 0.1554 | phi_loss: 0.0399 | energy_loss: 0.1398 | total_train_loss: 0.1061
step: 40000/125000 | pT_loss: 0.0893 | eta_loss: 0.1541 | phi_loss: 0.0386 | energy_loss: 0.1391 | total_train_loss: 0.1053
step: 41000/125000 | pT_loss: 0.0888 | eta_loss: 0.1534 | phi_loss: 0.0376 | energy_loss: 0.1384 | total_train_loss: 0.1046
step: 42000/125000 | pT_loss: 0.0880 | eta_loss: 0.1528 | phi_loss: 0.0361 | energy_loss: 0.1366 | total_train_loss: 0.1034
step: 43000/125000 | pT_loss: 0.0877 | eta_loss: 0.1523 | phi_loss: 0.0346 | energy_loss: 0.1363 | total_train_loss: 0.1027
epoch: 7/20 | pT_loss: 0.0813 | eta_loss: 0.1439 | phi_loss: 0.0312 | energy_loss: 0.1267 | total_val_loss: 0.0958
step: 44000/125000 | pT_loss: 0.0883 | eta_loss: 0.1509 | phi_loss: 0.0288 | energy_loss: 0.1410 | total_train_loss: 0.1023
step: 45000/125000 | pT_loss: 0.0874 | eta_loss: 0.1504 | phi_loss: 0.0292 | energy_loss: 0.1371 | total_train_loss: 0.1010
step: 46000/125000 | pT_loss: 0.0872 | eta_loss: 0.1501 | phi_loss: 0.0282 | energy_loss: 0.1369 | total_train_loss: 0.1006
step: 47000/125000 | pT_loss: 0.0861 | eta_loss: 0.1500 | phi_loss: 0.0282 | energy_loss: 0.1353 | total_train_loss: 0.0999
step: 48000/125000 | pT_loss: 0.0864 | eta_loss: 0.1499 | phi_loss: 0.0286 | energy_loss: 0.1359 | total_train_loss: 0.1002
step: 49000/125000 | pT_loss: 0.0869 | eta_loss: 0.1499 | phi_loss: 0.0281 | energy_loss: 0.1358 | total_train_loss: 0.1002
step: 50000/125000 | pT_loss: 0.0866 | eta_loss: 0.1498 | phi_loss: 0.0281 | energy_loss: 0.1359 | total_train_loss: 0.1001
epoch: 8/20 | pT_loss: 0.0779 | eta_loss: 0.1447 | phi_loss: 0.0262 | energy_loss: 0.1252 | total_val_loss: 0.0935
step: 51000/125000 | pT_loss: 0.0833 | eta_loss: 0.1487 | phi_loss: 0.0264 | energy_loss: 0.1303 | total_train_loss: 0.0972
step: 52000/125000 | pT_loss: 0.0848 | eta_loss: 0.1501 | phi_loss: 0.0324 | energy_loss: 0.1332 | total_train_loss: 0.1001
step: 53000/125000 | pT_loss: 0.0856 | eta_loss: 0.1504 | phi_loss: 0.0321 | energy_loss: 0.1346 | total_train_loss: 0.1007
step: 54000/125000 | pT_loss: 0.0860 | eta_loss: 0.1504 | phi_loss: 0.0322 | energy_loss: 0.1348 | total_train_loss: 0.1008
step: 55000/125000 | pT_loss: 0.0859 | eta_loss: 0.1503 | phi_loss: 0.0314 | energy_loss: 0.1346 | total_train_loss: 0.1006
step: 56000/125000 | pT_loss: 0.0859 | eta_loss: 0.1505 | phi_loss: 0.0309 | energy_loss: 0.1343 | total_train_loss: 0.1004
epoch: 9/20 | pT_loss: 0.0789 | eta_loss: 0.1499 | phi_loss: 0.0357 | energy_loss: 0.1253 | total_val_loss: 0.0974
step: 57000/125000 | pT_loss: 0.0829 | eta_loss: 0.1505 | phi_loss: 0.0270 | energy_loss: 0.1279 | total_train_loss: 0.0971
step: 58000/125000 | pT_loss: 0.0828 | eta_loss: 0.1505 | phi_loss: 0.0285 | energy_loss: 0.1290 | total_train_loss: 0.0977
step: 59000/125000 | pT_loss: 0.0831 | eta_loss: 0.1505 | phi_loss: 0.0308 | energy_loss: 0.1292 | total_train_loss: 0.0984
step: 60000/125000 | pT_loss: 0.0839 | eta_loss: 0.1505 | phi_loss: 0.0326 | energy_loss: 0.1297 | total_train_loss: 0.0992
step: 61000/125000 | pT_loss: 0.0839 | eta_loss: 0.1506 | phi_loss: 0.0323 | energy_loss: 0.1295 | total_train_loss: 0.0991
step: 62000/125000 | pT_loss: 0.0839 | eta_loss: 0.1505 | phi_loss: 0.0317 | energy_loss: 0.1298 | total_train_loss: 0.0990
epoch: 10/20 | pT_loss: 0.0796 | eta_loss: 0.1542 | phi_loss: 0.0316 | energy_loss: 0.1260 | total_val_loss: 0.0978
step: 63000/125000 | pT_loss: 0.0842 | eta_loss: 0.1514 | phi_loss: 0.0325 | energy_loss: 0.1305 | total_train_loss: 0.0997
step: 64000/125000 | pT_loss: 0.0850 | eta_loss: 0.1495 | phi_loss: 0.0303 | energy_loss: 0.1329 | total_train_loss: 0.0994
step: 65000/125000 | pT_loss: 0.0849 | eta_loss: 0.1498 | phi_loss: 0.0300 | energy_loss: 0.1340 | total_train_loss: 0.0997
step: 66000/125000 | pT_loss: 0.0840 | eta_loss: 0.1496 | phi_loss: 0.0298 | energy_loss: 0.1319 | total_train_loss: 0.0988
step: 67000/125000 | pT_loss: 0.0846 | eta_loss: 0.1493 | phi_loss: 0.0297 | energy_loss: 0.1324 | total_train_loss: 0.0990
step: 68000/125000 | pT_loss: 0.0842 | eta_loss: 0.1492 | phi_loss: 0.0292 | energy_loss: 0.1319 | total_train_loss: 0.0986
epoch: 11/20 | pT_loss: 0.0787 | eta_loss: 0.1459 | phi_loss: 0.0304 | energy_loss: 0.1215 | total_val_loss: 0.0941
step: 69000/125000 | pT_loss: 0.0843 | eta_loss: 0.1488 | phi_loss: 0.0267 | energy_loss: 0.1271 | total_train_loss: 0.0967
step: 70000/125000 | pT_loss: 0.0838 | eta_loss: 0.1490 | phi_loss: 0.0285 | energy_loss: 0.1295 | total_train_loss: 0.0977
step: 71000/125000 | pT_loss: 0.0825 | eta_loss: 0.1492 | phi_loss: 0.0289 | energy_loss: 0.1283 | total_train_loss: 0.0972
step: 72000/125000 | pT_loss: 0.0827 | eta_loss: 0.1493 | phi_loss: 0.0292 | energy_loss: 0.1287 | total_train_loss: 0.0975
step: 73000/125000 | pT_loss: 0.0829 | eta_loss: 0.1490 | phi_loss: 0.0292 | energy_loss: 0.1290 | total_train_loss: 0.0975
step: 74000/125000 | pT_loss: 0.0827 | eta_loss: 0.1488 | phi_loss: 0.0294 | energy_loss: 0.1287 | total_train_loss: 0.0974
step: 75000/125000 | pT_loss: 0.0829 | eta_loss: 0.1486 | phi_loss: 0.0290 | energy_loss: 0.1290 | total_train_loss: 0.0974
epoch: 12/20 | pT_loss: 0.0801 | eta_loss: 0.1480 | phi_loss: 0.0270 | energy_loss: 0.1238 | total_val_loss: 0.0947
step: 76000/125000 | pT_loss: 0.0804 | eta_loss: 0.1475 | phi_loss: 0.0285 | energy_loss: 0.1272 | total_train_loss: 0.0959
step: 77000/125000 | pT_loss: 0.0819 | eta_loss: 0.1480 | phi_loss: 0.0278 | energy_loss: 0.1284 | total_train_loss: 0.0965
step: 78000/125000 | pT_loss: 0.0822 | eta_loss: 0.1481 | phi_loss: 0.0295 | energy_loss: 0.1288 | total_train_loss: 0.0972
step: 79000/125000 | pT_loss: 0.0822 | eta_loss: 0.1482 | phi_loss: 0.0296 | energy_loss: 0.1289 | total_train_loss: 0.0972
step: 80000/125000 | pT_loss: 0.0823 | eta_loss: 0.1482 | phi_loss: 0.0294 | energy_loss: 0.1285 | total_train_loss: 0.0971
step: 81000/125000 | pT_loss: 0.0823 | eta_loss: 0.1481 | phi_loss: 0.0296 | energy_loss: 0.1285 | total_train_loss: 0.0971
epoch: 13/20 | pT_loss: 0.0842 | eta_loss: 0.1493 | phi_loss: 0.0607 | energy_loss: 0.1299 | total_val_loss: 0.1060
step: 82000/125000 | pT_loss: 0.0838 | eta_loss: 0.1494 | phi_loss: 0.0475 | energy_loss: 0.1323 | total_train_loss: 0.1032
step: 83000/125000 | pT_loss: 0.0836 | eta_loss: 0.1492 | phi_loss: 0.0457 | energy_loss: 0.1310 | total_train_loss: 0.1024
step: 84000/125000 | pT_loss: 0.0832 | eta_loss: 0.1489 | phi_loss: 0.0420 | energy_loss: 0.1302 | total_train_loss: 0.1011
step: 85000/125000 | pT_loss: 0.0832 | eta_loss: 0.1488 | phi_loss: 0.0409 | energy_loss: 0.1300 | total_train_loss: 0.1008
step: 86000/125000 | pT_loss: 0.0830 | eta_loss: 0.1489 | phi_loss: 0.0400 | energy_loss: 0.1302 | total_train_loss: 0.1005
step: 87000/125000 | pT_loss: 0.0828 | eta_loss: 0.1487 | phi_loss: 0.0390 | energy_loss: 0.1302 | total_train_loss: 0.1002
epoch: 14/20 | pT_loss: 0.0794 | eta_loss: 0.1470 | phi_loss: 0.0312 | energy_loss: 0.1197 | total_val_loss: 0.0943
step: 88000/125000 | pT_loss: 0.0835 | eta_loss: 0.1471 | phi_loss: 0.0296 | energy_loss: 0.1322 | total_train_loss: 0.0981
step: 89000/125000 | pT_loss: 0.0814 | eta_loss: 0.1480 | phi_loss: 0.0303 | energy_loss: 0.1282 | total_train_loss: 0.0970
step: 90000/125000 | pT_loss: 0.0815 | eta_loss: 0.1476 | phi_loss: 0.0322 | energy_loss: 0.1284 | total_train_loss: 0.0974
step: 91000/125000 | pT_loss: 0.0813 | eta_loss: 0.1478 | phi_loss: 0.0311 | energy_loss: 0.1276 | total_train_loss: 0.0970
step: 92000/125000 | pT_loss: 0.0812 | eta_loss: 0.1478 | phi_loss: 0.0306 | energy_loss: 0.1276 | total_train_loss: 0.0968
step: 93000/125000 | pT_loss: 0.0809 | eta_loss: 0.1478 | phi_loss: 0.0299 | energy_loss: 0.1281 | total_train_loss: 0.0967
epoch: 15/20 | pT_loss: 0.0787 | eta_loss: 0.1482 | phi_loss: 0.0367 | energy_loss: 0.1210 | total_val_loss: 0.0961
step: 94000/125000 | pT_loss: 0.0810 | eta_loss: 0.1478 | phi_loss: 0.0292 | energy_loss: 0.1281 | total_train_loss: 0.0965
step: 95000/125000 | pT_loss: 0.0799 | eta_loss: 0.1474 | phi_loss: 0.0270 | energy_loss: 0.1262 | total_train_loss: 0.0951
step: 96000/125000 | pT_loss: 0.0797 | eta_loss: 0.1473 | phi_loss: 0.0276 | energy_loss: 0.1262 | total_train_loss: 0.0952
step: 97000/125000 | pT_loss: 0.0797 | eta_loss: 0.1472 | phi_loss: 0.0270 | energy_loss: 0.1258 | total_train_loss: 0.0949
step: 98000/125000 | pT_loss: 0.0795 | eta_loss: 0.1470 | phi_loss: 0.0266 | energy_loss: 0.1254 | total_train_loss: 0.0946
step: 99000/125000 | pT_loss: 0.0794 | eta_loss: 0.1470 | phi_loss: 0.0264 | energy_loss: 0.1251 | total_train_loss: 0.0945
step: 100000/125000 | pT_loss: 0.0798 | eta_loss: 0.1469 | phi_loss: 0.0263 | energy_loss: 0.1251 | total_train_loss: 0.0945
epoch: 16/20 | pT_loss: 0.0742 | eta_loss: 0.1470 | phi_loss: 0.0342 | energy_loss: 0.1143 | total_val_loss: 0.0924
step: 101000/125000 | pT_loss: 0.0810 | eta_loss: 0.1478 | phi_loss: 0.0341 | energy_loss: 0.1269 | total_train_loss: 0.0975
step: 102000/125000 | pT_loss: 0.0795 | eta_loss: 0.1475 | phi_loss: 0.0306 | energy_loss: 0.1254 | total_train_loss: 0.0957
step: 103000/125000 | pT_loss: 0.0796 | eta_loss: 0.1474 | phi_loss: 0.0294 | energy_loss: 0.1259 | total_train_loss: 0.0956
step: 104000/125000 | pT_loss: 0.0795 | eta_loss: 0.1473 | phi_loss: 0.0304 | energy_loss: 0.1258 | total_train_loss: 0.0958
step: 105000/125000 | pT_loss: 0.0799 | eta_loss: 0.1470 | phi_loss: 0.0306 | energy_loss: 0.1262 | total_train_loss: 0.0959
step: 106000/125000 | pT_loss: 0.0801 | eta_loss: 0.1470 | phi_loss: 0.0301 | energy_loss: 0.1268 | total_train_loss: 0.0960
epoch: 17/20 | pT_loss: 0.0768 | eta_loss: 0.1495 | phi_loss: 0.0313 | energy_loss: 0.1204 | total_val_loss: 0.0945
step: 107000/125000 | pT_loss: 0.0772 | eta_loss: 0.1446 | phi_loss: 0.0322 | energy_loss: 0.1221 | total_train_loss: 0.0940
step: 108000/125000 | pT_loss: 0.0798 | eta_loss: 0.1459 | phi_loss: 0.0290 | energy_loss: 0.1273 | total_train_loss: 0.0955
step: 109000/125000 | pT_loss: 0.0803 | eta_loss: 0.1464 | phi_loss: 0.0292 | energy_loss: 0.1267 | total_train_loss: 0.0956
step: 110000/125000 | pT_loss: 0.0803 | eta_loss: 0.1465 | phi_loss: 0.0286 | energy_loss: 0.1272 | total_train_loss: 0.0957
step: 111000/125000 | pT_loss: 0.0810 | eta_loss: 0.1466 | phi_loss: 0.0316 | energy_loss: 0.1276 | total_train_loss: 0.0967
step: 112000/125000 | pT_loss: 0.0813 | eta_loss: 0.1464 | phi_loss: 0.0314 | energy_loss: 0.1280 | total_train_loss: 0.0968
epoch: 18/20 | pT_loss: 0.0788 | eta_loss: 0.1465 | phi_loss: 0.0425 | energy_loss: 0.1261 | total_val_loss: 0.0985
step: 113000/125000 | pT_loss: 0.0824 | eta_loss: 0.1452 | phi_loss: 0.0311 | energy_loss: 0.1325 | total_train_loss: 0.0978
step: 114000/125000 | pT_loss: 0.0809 | eta_loss: 0.1463 | phi_loss: 0.0272 | energy_loss: 0.1297 | total_train_loss: 0.0961
step: 115000/125000 | pT_loss: 0.0810 | eta_loss: 0.1466 | phi_loss: 0.0267 | energy_loss: 0.1283 | total_train_loss: 0.0957
step: 116000/125000 | pT_loss: 0.0812 | eta_loss: 0.1465 | phi_loss: 0.0272 | energy_loss: 0.1283 | total_train_loss: 0.0958
step: 117000/125000 | pT_loss: 0.0809 | eta_loss: 0.1464 | phi_loss: 0.0290 | energy_loss: 0.1278 | total_train_loss: 0.0960
step: 118000/125000 | pT_loss: 0.0809 | eta_loss: 0.1466 | phi_loss: 0.0294 | energy_loss: 0.1278 | total_train_loss: 0.0962
epoch: 19/20 | pT_loss: 0.0782 | eta_loss: 0.1461 | phi_loss: 0.0324 | energy_loss: 0.1213 | total_val_loss: 0.0945
step: 119000/125000 | pT_loss: 0.0770 | eta_loss: 0.1488 | phi_loss: 0.0319 | energy_loss: 0.1272 | total_train_loss: 0.0962
step: 120000/125000 | pT_loss: 0.0806 | eta_loss: 0.1468 | phi_loss: 0.0304 | energy_loss: 0.1278 | total_train_loss: 0.0964
step: 121000/125000 | pT_loss: 0.0813 | eta_loss: 0.1475 | phi_loss: 0.0338 | energy_loss: 0.1299 | total_train_loss: 0.0981
step: 122000/125000 | pT_loss: 0.0813 | eta_loss: 0.1480 | phi_loss: 0.0324 | energy_loss: 0.1300 | total_train_loss: 0.0979
step: 123000/125000 | pT_loss: 0.0813 | eta_loss: 0.1478 | phi_loss: 0.0309 | energy_loss: 0.1292 | total_train_loss: 0.0973
step: 124000/125000 | pT_loss: 0.0809 | eta_loss: 0.1475 | phi_loss: 0.0303 | energy_loss: 0.1275 | total_train_loss: 0.0965
step: 125000/125000 | pT_loss: 0.0807 | eta_loss: 0.1473 | phi_loss: 0.0299 | energy_loss: 0.1274 | total_train_loss: 0.0963
epoch: 20/20 | pT_loss: 0.0790 | eta_loss: 0.1483 | phi_loss: 0.0270 | energy_loss: 0.1188 | total_val_loss: 0.0933
Best model saved to: logs/LorentzParT/best/pid1132735_20260919-081613.pt
Training history plot saved to: plots/LorentzParT/pid1132735_20260919-081613_pretrain_history.png
